05:29:15.462 [NamespaceSystem-akka.actor.default-dispatcher-5] INFO akka.event.slf4j.Slf4jLogger - Slf4jLogger started
05:29:15.802 [main] INFO com.firebase.server.forge.App$ - Listening at 127.0.0.1:9000
05:29:16.602 [NamespaceSystem-akka.actor.default-dispatcher-5] INFO com.firebase.core.namespace.NamespaceActor - demo-bonus-game-default-rtdb successfully activated FBKV (SurveyIdle(0)) wait: 278ms, init: 0ms
05:29:16.947 [NamespaceSystem-blocking-namespace-operation-dispatcher-7] INFO com.firebase.core.namespace.StateManager - Namespace demo-bonus-game-default-rtdb status Active to Active
05:29:17.581 [FirebaseWorkerPool-1-3] WARN com.firebase.core.persistence.backend.dummy.EmulatorMetadataPersistence - Multiple projectIds are not recommended in single project mode. Requested 
namespace demo-bonus-game, but the emulator is configured for demo-bonus-game-default-rtdb. To 
opt-out of single project mode add/set the singleProjectMode: false property in 
the firebase.json emulators config. 
05:29:17.585 [NamespaceSystem-akka.actor.default-dispatcher-6] INFO com.firebase.core.namespace.NamespaceActor - demo-bonus-game successfully activated FBKV (SurveyIdle(0)) wait: 2ms, init: 0ms
05:29:17.633 [NamespaceSystem-blocking-namespace-operation-dispatcher-7] INFO com.firebase.core.namespace.StateManager - Namespace demo-bonus-game status Active to Active
05:29:18.250 [FirebaseWorkerPool-1-2] WARN com.firebase.server.forge.App$ - Received service account token eyJh...fX0., assuming ownership.
05:29:18.487 [NamespaceSystem-blocking-namespace-operation-dispatcher-7] INFO com.firebase.core.namespace.StateManager - Namespace demo-bonus-game status Active to Active
05:29:18.638 [FirebaseWorkerPool-1-2] WARN com.firebase.server.forge.App$ - Received service account token eyJh...9fQ., assuming ownership.
05:29:18.668 [NamespaceSystem-blocking-namespace-operation-dispatcher-7] INFO com.firebase.core.namespace.StateManager - Namespace demo-bonus-game status Active to Active
05:29:18.810 [FirebaseWorkerPool-1-1] WARN com.firebase.server.forge.App$ - Received service account token eyJh...fX0., assuming ownership.
05:29:19.309 [NamespaceSystem-blocking-namespace-operation-dispatcher-7] INFO com.firebase.core.namespace.StateManager - Namespace demo-bonus-game status Active to Active
05:29:19.375 [FirebaseWorkerPool-1-3] WARN com.firebase.server.forge.App$ - Received service account token eyJh...9fQ., assuming ownership.
05:29:19.395 [NamespaceSystem-blocking-namespace-operation-dispatcher-7] INFO com.firebase.core.namespace.StateManager - Namespace demo-bonus-game status Active to Active
05:29:19.483 [FirebaseWorkerPool-1-1] WARN com.firebase.server.forge.App$ - Received service account token eyJh...9fQ., assuming ownership.
05:29:19.504 [NamespaceSystem-blocking-namespace-operation-dispatcher-7] INFO com.firebase.core.namespace.StateManager - Namespace demo-bonus-game status Active to Active
05:29:19.590 [FirebaseWorkerPool-1-3] WARN com.firebase.server.forge.App$ - Received service account token eyJh...9fQ., assuming ownership.
05:29:19.614 [NamespaceSystem-blocking-namespace-operation-dispatcher-7] INFO com.firebase.core.namespace.StateManager - Namespace demo-bonus-game status Active to Active
05:29:19.970 [NamespaceSystem-blocking-namespace-operation-dispatcher-7] INFO com.firebase.core.namespace.StateManager - Namespace demo-bonus-game status Active to Active
05:29:20.059 [FirebaseWorkerPool-1-4] WARN com.firebase.server.forge.App$ - Received service account token eyJh...X19., assuming ownership.
05:29:20.079 [NamespaceSystem-blocking-namespace-operation-dispatcher-7] INFO com.firebase.core.namespace.StateManager - Namespace demo-bonus-game status Active to Active
05:29:20.233 [FirebaseWorkerPool-1-3] WARN com.firebase.server.forge.App$ - Received service account token eyJh...X19., assuming ownership.
05:29:20.270 [NamespaceSystem-blocking-namespace-operation-dispatcher-7] INFO com.firebase.core.namespace.StateManager - Namespace demo-bonus-game status Active to Active
05:29:20.370 [FirebaseWorkerPool-1-2] WARN com.firebase.server.forge.App$ - Received service account token eyJh...X19., assuming ownership.
05:29:20.394 [NamespaceSystem-blocking-namespace-operation-dispatcher-7] INFO com.firebase.core.namespace.StateManager - Namespace demo-bonus-game status Active to Active
05:29:20.512 [FirebaseWorkerPool-1-1] WARN com.firebase.server.forge.App$ - Received service account token eyJh...X19., assuming ownership.
05:29:20.526 [NamespaceSystem-blocking-namespace-operation-dispatcher-7] INFO com.firebase.core.namespace.StateManager - Namespace demo-bonus-game status Active to Active
05:29:20.640 [FirebaseWorkerPool-1-4] WARN com.firebase.server.forge.App$ - Received service account token eyJh...X19., assuming ownership.
05:29:20.663 [NamespaceSystem-blocking-namespace-operation-dispatcher-7] INFO com.firebase.core.namespace.StateManager - Namespace demo-bonus-game status Active to Active
05:29:20.795 [FirebaseWorkerPool-1-3] WARN com.firebase.server.forge.App$ - Received service account token eyJh...X19., assuming ownership.
05:29:20.814 [NamespaceSystem-blocking-namespace-operation-dispatcher-7] INFO com.firebase.core.namespace.StateManager - Namespace demo-bonus-game status Active to Active
05:29:20.886 [FirebaseWorkerPool-1-2] WARN com.firebase.server.forge.App$ - Received service account token eyJh...X19., assuming ownership.
05:29:21.197 [NamespaceSystem-blocking-namespace-operation-dispatcher-7] INFO com.firebase.core.namespace.StateManager - Namespace demo-bonus-game status Active to Active
05:29:21.262 [FirebaseWorkerPool-1-1] WARN com.firebase.server.forge.App$ - Received service account token eyJh...9fQ., assuming ownership.
05:29:21.290 [NamespaceSystem-blocking-namespace-operation-dispatcher-7] INFO com.firebase.core.namespace.StateManager - Namespace demo-bonus-game status Active to Active
05:29:21.381 [FirebaseWorkerPool-1-3] WARN com.firebase.server.forge.App$ - Received service account token eyJh...9fQ., assuming ownership.
05:29:21.420 [NamespaceSystem-blocking-namespace-operation-dispatcher-7] INFO com.firebase.core.namespace.StateManager - Namespace demo-bonus-game status Active to Active
05:29:21.552 [FirebaseWorkerPool-1-2] WARN com.firebase.server.forge.App$ - Received service account token eyJh...9fQ., assuming ownership.
05:29:21.581 [NamespaceSystem-blocking-namespace-operation-dispatcher-7] INFO com.firebase.core.namespace.StateManager - Namespace demo-bonus-game status Active to Active
05:29:21.710 [FirebaseWorkerPool-1-1] WARN com.firebase.server.forge.App$ - Received service account token eyJh...9fQ., assuming ownership.
05:29:21.732 [NamespaceSystem-blocking-namespace-operation-dispatcher-7] INFO com.firebase.core.namespace.StateManager - Namespace demo-bonus-game status Active to Active
05:29:21.851 [FirebaseWorkerPool-1-4] WARN com.firebase.server.forge.App$ - Received service account token eyJh...9fQ., assuming ownership.
05:29:21.865 [NamespaceSystem-blocking-namespace-operation-dispatcher-7] INFO com.firebase.core.namespace.StateManager - Namespace demo-bonus-game status Active to Active
05:29:21.994 [FirebaseWorkerPool-1-3] WARN com.firebase.server.forge.App$ - Received service account token eyJh...9fQ., assuming ownership.
05:29:22.022 [NamespaceSystem-blocking-namespace-operation-dispatcher-7] INFO com.firebase.core.namespace.StateManager - Namespace demo-bonus-game status Active to Active
05:29:22.164 [FirebaseWorkerPool-1-2] WARN com.firebase.server.forge.App$ - Received service account token eyJh...9fQ., assuming ownership.
05:29:22.210 [FirebaseWorkerPool-1-3] WARN com.firebase.server.forge.App$ - Received service account token eyJh...X19., assuming ownership.
05:29:22.531 [NamespaceSystem-blocking-namespace-operation-dispatcher-7] INFO com.firebase.core.namespace.StateManager - Namespace demo-bonus-game status Active to Active
05:29:22.646 [FirebaseWorkerPool-1-3] WARN com.firebase.server.forge.App$ - Received service account token eyJh...9fQ., assuming ownership.
05:29:22.694 [FirebaseWorkerPool-1-4] WARN com.firebase.server.forge.App$ - Received service account token eyJh...9fQ., assuming ownership.
05:29:22.715 [NamespaceSystem-blocking-namespace-operation-dispatcher-7] INFO com.firebase.core.namespace.StateManager - Namespace demo-bonus-game status Active to Active
05:29:22.833 [FirebaseWorkerPool-1-3] WARN com.firebase.server.forge.App$ - Received service account token eyJh...9fQ., assuming ownership.
05:29:22.880 [FirebaseWorkerPool-1-4] WARN com.firebase.server.forge.App$ - Received service account token eyJh...X19., assuming ownership.
05:29:22.925 [FirebaseWorkerPool-1-1] WARN com.firebase.server.forge.App$ - Received service account token eyJh...9fQ., assuming ownership.
05:29:22.987 [NamespaceSystem-blocking-namespace-operation-dispatcher-7] INFO com.firebase.core.namespace.StateManager - Namespace demo-bonus-game status Active to Active
05:29:23.130 [FirebaseWorkerPool-1-1] WARN com.firebase.server.forge.App$ - Received service account token eyJh...9fQ., assuming ownership.
05:29:23.177 [FirebaseWorkerPool-1-2] WARN com.firebase.server.forge.App$ - Received service account token eyJh...X19., assuming ownership.
05:29:23.201 [NamespaceSystem-blocking-namespace-operation-dispatcher-7] INFO com.firebase.core.namespace.StateManager - Namespace demo-bonus-game status Active to Active
05:29:23.331 [FirebaseWorkerPool-1-1] WARN com.firebase.server.forge.App$ - Received service account token eyJh...9fQ., assuming ownership.
05:29:23.378 [FirebaseWorkerPool-1-2] WARN com.firebase.server.forge.App$ - Received service account token eyJh...X19., assuming ownership.
05:29:23.445 [NamespaceSystem-blocking-namespace-operation-dispatcher-7] INFO com.firebase.core.namespace.StateManager - Namespace demo-bonus-game status Active to Active
05:29:23.568 [FirebaseWorkerPool-1-2] WARN com.firebase.server.forge.App$ - Received service account token eyJh...9fQ., assuming ownership.
05:29:23.617 [FirebaseWorkerPool-1-3] WARN com.firebase.server.forge.App$ - Received service account token eyJh...9fQ., assuming ownership.
05:29:23.662 [FirebaseWorkerPool-1-4] WARN com.firebase.server.forge.App$ - Received service account token eyJh...X19., assuming ownership.
05:29:23.980 [NamespaceSystem-blocking-namespace-operation-dispatcher-7] INFO com.firebase.core.namespace.StateManager - Namespace demo-bonus-game status Active to Active
05:29:24.041 [FirebaseWorkerPool-1-3] WARN com.firebase.server.forge.App$ - Received service account token eyJh...9fQ., assuming ownership.
05:29:24.058 [NamespaceSystem-blocking-namespace-operation-dispatcher-7] INFO com.firebase.core.namespace.StateManager - Namespace demo-bonus-game status Active to Active
05:29:24.134 [FirebaseWorkerPool-1-1] WARN com.firebase.server.forge.App$ - Received service account token eyJh...X19., assuming ownership.
05:29:24.147 [NamespaceSystem-blocking-namespace-operation-dispatcher-7] INFO com.firebase.core.namespace.StateManager - Namespace demo-bonus-game status Active to Active
05:29:24.227 [FirebaseWorkerPool-1-3] WARN com.firebase.server.forge.App$ - Received service account token eyJh...9fQ., assuming ownership.
05:29:24.239 [NamespaceSystem-blocking-namespace-operation-dispatcher-7] INFO com.firebase.core.namespace.StateManager - Namespace demo-bonus-game status Active to Active
05:29:24.350 [FirebaseWorkerPool-1-2] WARN com.firebase.server.forge.App$ - Received service account token eyJh...X19., assuming ownership.
05:29:24.366 [NamespaceSystem-blocking-namespace-operation-dispatcher-7] INFO com.firebase.core.namespace.StateManager - Namespace demo-bonus-game status Active to Active
05:29:24.443 [FirebaseWorkerPool-1-4] WARN com.firebase.server.forge.App$ - Received service account token eyJh...X19., assuming ownership.
05:29:24.456 [NamespaceSystem-blocking-namespace-operation-dispatcher-7] INFO com.firebase.core.namespace.StateManager - Namespace demo-bonus-game status Active to Active
05:29:24.536 [FirebaseWorkerPool-1-2] WARN com.firebase.server.forge.App$ - Received service account token eyJh...X19., assuming ownership.
05:29:24.548 [NamespaceSystem-blocking-namespace-operation-dispatcher-7] INFO com.firebase.core.namespace.StateManager - Namespace demo-bonus-game status Active to Active
05:29:24.632 [FirebaseWorkerPool-1-4] WARN com.firebase.server.forge.App$ - Received service account token eyJh...X19., assuming ownership.
05:29:24.644 [NamespaceSystem-blocking-namespace-operation-dispatcher-7] INFO com.firebase.core.namespace.StateManager - Namespace demo-bonus-game status Active to Active
05:29:24.755 [FirebaseWorkerPool-1-3] WARN com.firebase.server.forge.App$ - Received service account token eyJh...9fQ., assuming ownership.
05:29:24.776 [NamespaceSystem-blocking-namespace-operation-dispatcher-7] INFO com.firebase.core.namespace.StateManager - Namespace demo-bonus-game status Active to Active
05:29:24.896 [FirebaseWorkerPool-1-2] WARN com.firebase.server.forge.App$ - Received service account token eyJh...X19., assuming ownership.
05:29:24.911 [NamespaceSystem-blocking-namespace-operation-dispatcher-7] INFO com.firebase.core.namespace.StateManager - Namespace demo-bonus-game status Active to Active
05:29:25.055 [FirebaseWorkerPool-1-1] WARN com.firebase.server.forge.App$ - Received service account token eyJh...9fQ., assuming ownership.
05:29:25.086 [NamespaceSystem-blocking-namespace-operation-dispatcher-7] INFO com.firebase.core.namespace.StateManager - Namespace demo-bonus-game status Active to Active
05:29:25.238 [FirebaseWorkerPool-1-4] WARN com.firebase.server.forge.App$ - Received service account token eyJh...X19., assuming ownership.
05:29:25.250 [NamespaceSystem-blocking-namespace-operation-dispatcher-7] INFO com.firebase.core.namespace.StateManager - Namespace demo-bonus-game status Active to Active
05:29:25.379 [FirebaseWorkerPool-1-3] WARN com.firebase.server.forge.App$ - Received service account token eyJh...X19., assuming ownership.
05:29:25.390 [NamespaceSystem-blocking-namespace-operation-dispatcher-7] INFO com.firebase.core.namespace.StateManager - Namespace demo-bonus-game status Active to Active
05:29:25.519 [FirebaseWorkerPool-1-2] WARN com.firebase.server.forge.App$ - Received service account token eyJh...X19., assuming ownership.
05:29:25.535 [NamespaceSystem-blocking-namespace-operation-dispatcher-7] INFO com.firebase.core.namespace.StateManager - Namespace demo-bonus-game status Active to Active
05:29:25.674 [FirebaseWorkerPool-1-1] WARN com.firebase.server.forge.App$ - Received service account token eyJh...X19., assuming ownership.
05:29:25.687 [NamespaceSystem-blocking-namespace-operation-dispatcher-7] INFO com.firebase.core.namespace.StateManager - Namespace demo-bonus-game status Active to Active
05:29:25.770 [FirebaseWorkerPool-1-3] WARN com.firebase.server.forge.App$ - Received service account token eyJh...9fQ., assuming ownership.
05:29:25.788 [NamespaceSystem-blocking-namespace-operation-dispatcher-7] INFO com.firebase.core.namespace.StateManager - Namespace demo-bonus-game status Active to Active
05:29:25.925 [FirebaseWorkerPool-1-2] WARN com.firebase.server.forge.App$ - Received service account token eyJh...X19., assuming ownership.
05:29:25.947 [NamespaceSystem-blocking-namespace-operation-dispatcher-7] INFO com.firebase.core.namespace.StateManager - Namespace demo-bonus-game status Active to Active
05:29:26.065 [FirebaseWorkerPool-1-1] WARN com.firebase.server.forge.App$ - Received service account token eyJh...X19., assuming ownership.
05:29:26.075 [NamespaceSystem-blocking-namespace-operation-dispatcher-7] INFO com.firebase.core.namespace.StateManager - Namespace demo-bonus-game status Active to Active
05:29:26.173 [FirebaseWorkerPool-1-4] WARN com.firebase.server.forge.App$ - Received service account token eyJh...X19., assuming ownership.
05:29:26.189 [NamespaceSystem-blocking-namespace-operation-dispatcher-7] INFO com.firebase.core.namespace.StateManager - Namespace demo-bonus-game status Active to Active
05:29:26.314 [FirebaseWorkerPool-1-3] WARN com.firebase.server.forge.App$ - Received service account token eyJh...X19., assuming ownership.
05:29:26.326 [NamespaceSystem-blocking-namespace-operation-dispatcher-7] INFO com.firebase.core.namespace.StateManager - Namespace demo-bonus-game status Active to Active
05:29:26.438 [FirebaseWorkerPool-1-2] WARN com.firebase.server.forge.App$ - Received service account token eyJh...X19., assuming ownership.
05:29:26.453 [NamespaceSystem-blocking-namespace-operation-dispatcher-7] INFO com.firebase.core.namespace.StateManager - Namespace demo-bonus-game status Active to Active
05:29:26.611 [FirebaseWorkerPool-1-1] WARN com.firebase.server.forge.App$ - Received service account token eyJh...9fQ., assuming ownership.
05:29:26.751 [FirebaseWorkerPool-1-3] WARN com.firebase.server.forge.App$ - Received service account token eyJh...X19., assuming ownership.
05:29:26.763 [NamespaceSystem-blocking-namespace-operation-dispatcher-7] INFO com.firebase.core.namespace.StateManager - Namespace demo-bonus-game status Active to Active
05:29:26.844 [FirebaseWorkerPool-1-1] WARN com.firebase.server.forge.App$ - Received service account token eyJh...9fQ., assuming ownership.
05:29:26.859 [NamespaceSystem-blocking-namespace-operation-dispatcher-7] INFO com.firebase.core.namespace.StateManager - Namespace demo-bonus-game status Active to Active
05:29:26.952 [FirebaseWorkerPool-1-3] WARN com.firebase.server.forge.App$ - Received service account token eyJh...X19., assuming ownership.
05:29:26.964 [NamespaceSystem-blocking-namespace-operation-dispatcher-7] INFO com.firebase.core.namespace.StateManager - Namespace demo-bonus-game status Active to Active
05:29:27.095 [FirebaseWorkerPool-1-2] WARN com.firebase.server.forge.App$ - Received service account token eyJh...X19., assuming ownership.
05:29:27.106 [NamespaceSystem-blocking-namespace-operation-dispatcher-7] INFO com.firebase.core.namespace.StateManager - Namespace demo-bonus-game status Active to Active
05:29:27.174 [FirebaseWorkerPool-1-4] WARN com.firebase.server.forge.App$ - Received service account token eyJh...X19., assuming ownership.
05:29:27.184 [NamespaceSystem-blocking-namespace-operation-dispatcher-7] INFO com.firebase.core.namespace.StateManager - Namespace demo-bonus-game status Active to Active
05:29:27.267 [FirebaseWorkerPool-1-2] WARN com.firebase.server.forge.App$ - Received service account token eyJh...9fQ., assuming ownership.
05:29:27.278 [NamespaceSystem-blocking-namespace-operation-dispatcher-7] INFO com.firebase.core.namespace.StateManager - Namespace demo-bonus-game status Active to Active
05:29:27.322 [FirebaseWorkerPool-1-4] WARN com.firebase.server.forge.App$ - Received service account token eyJh...9fQ., assuming ownership.
05:29:27.345 [NamespaceSystem-blocking-namespace-operation-dispatcher-7] INFO com.firebase.core.namespace.StateManager - Namespace demo-bonus-game status Active to Active
05:29:27.486 [FirebaseWorkerPool-1-3] WARN com.firebase.server.forge.App$ - Received service account token eyJh...9fQ., assuming ownership.
05:29:27.496 [NamespaceSystem-blocking-namespace-operation-dispatcher-7] INFO com.firebase.core.namespace.StateManager - Namespace demo-bonus-game status Active to Active
05:29:27.581 [FirebaseWorkerPool-1-1] WARN com.firebase.server.forge.App$ - Received service account token eyJh...9fQ., assuming ownership.
05:29:27.594 [NamespaceSystem-blocking-namespace-operation-dispatcher-7] INFO com.firebase.core.namespace.StateManager - Namespace demo-bonus-game status Active to Active
05:29:27.691 [FirebaseWorkerPool-1-3] WARN com.firebase.server.forge.App$ - Received service account token eyJh...9fQ., assuming ownership.
05:29:28.017 [NamespaceSystem-blocking-namespace-operation-dispatcher-7] INFO com.firebase.core.namespace.StateManager - Namespace demo-bonus-game status Active to Active
05:29:28.097 [FirebaseWorkerPool-1-2] WARN com.firebase.server.forge.App$ - Received service account token eyJh...fX0., assuming ownership.
05:29:28.159 [FirebaseWorkerPool-1-3] WARN com.firebase.server.forge.App$ - Received service account token eyJh...9fQ., assuming ownership.
05:29:28.185 [NamespaceSystem-blocking-namespace-operation-dispatcher-7] INFO com.firebase.core.namespace.StateManager - Namespace demo-bonus-game status Active to Active
05:29:28.254 [FirebaseWorkerPool-1-1] WARN com.firebase.server.forge.App$ - Received service account token eyJh...fX0., assuming ownership.
05:29:28.284 [NamespaceSystem-blocking-namespace-operation-dispatcher-7] INFO com.firebase.core.namespace.StateManager - Namespace demo-bonus-game status Active to Active
05:29:28.363 [FirebaseWorkerPool-1-3] WARN com.firebase.server.forge.App$ - Received service account token eyJh...fX0., assuming ownership.
05:29:28.390 [NamespaceSystem-blocking-namespace-operation-dispatcher-7] INFO com.firebase.core.namespace.StateManager - Namespace demo-bonus-game status Active to Active
05:29:28.532 [FirebaseWorkerPool-1-2] WARN com.firebase.server.forge.App$ - Received service account token eyJh...fX0., assuming ownership.
05:29:28.558 [NamespaceSystem-blocking-namespace-operation-dispatcher-7] INFO com.firebase.core.namespace.StateManager - Namespace demo-bonus-game status Active to Active
05:29:28.670 [FirebaseWorkerPool-1-1] WARN com.firebase.server.forge.App$ - Received service account token eyJh...9fQ., assuming ownership.
05:29:28.684 [NamespaceSystem-blocking-namespace-operation-dispatcher-7] INFO com.firebase.core.namespace.StateManager - Namespace demo-bonus-game status Active to Active
05:29:28.812 [FirebaseWorkerPool-1-4] WARN com.firebase.server.forge.App$ - Received service account token eyJh...fX0., assuming ownership.
05:29:28.813 [FirebaseWorkerPool-1-1] WARN com.firebase.server.forge.App$ - Received service account token eyJh...9fQ., assuming ownership.
05:29:28.837 [NamespaceSystem-blocking-namespace-operation-dispatcher-7] INFO com.firebase.core.namespace.StateManager - Namespace demo-bonus-game status Active to Active
05:29:28.957 [FirebaseWorkerPool-1-4] WARN com.firebase.server.forge.App$ - Received service account token eyJh...fX0., assuming ownership.
05:29:28.990 [NamespaceSystem-blocking-namespace-operation-dispatcher-7] INFO com.firebase.core.namespace.StateManager - Namespace demo-bonus-game status Active to Active
05:29:29.109 [FirebaseWorkerPool-1-3] WARN com.firebase.server.forge.App$ - Received service account token eyJh...fX0., assuming ownership.
05:29:29.129 [NamespaceSystem-blocking-namespace-operation-dispatcher-7] INFO com.firebase.core.namespace.StateManager - Namespace demo-bonus-game status Active to Active
05:29:29.266 [FirebaseWorkerPool-1-2] WARN com.firebase.server.forge.App$ - Received service account token eyJh...fX0., assuming ownership.
05:29:29.285 [NamespaceSystem-blocking-namespace-operation-dispatcher-7] INFO com.firebase.core.namespace.StateManager - Namespace demo-bonus-game status Active to Active
05:29:29.407 [FirebaseWorkerPool-1-1] WARN com.firebase.server.forge.App$ - Received service account token eyJh...fX0., assuming ownership.
05:29:29.419 [NamespaceSystem-blocking-namespace-operation-dispatcher-7] INFO com.firebase.core.namespace.StateManager - Namespace demo-bonus-game status Active to Active
05:29:29.545 [FirebaseWorkerPool-1-4] WARN com.firebase.server.forge.App$ - Received service account token eyJh...fX0., assuming ownership.
05:29:29.561 [NamespaceSystem-blocking-namespace-operation-dispatcher-7] INFO com.firebase.core.namespace.StateManager - Namespace demo-bonus-game status Active to Active
05:29:29.702 [FirebaseWorkerPool-1-3] WARN com.firebase.server.forge.App$ - Received service account token eyJh...fX0., assuming ownership.
05:29:29.715 [NamespaceSystem-blocking-namespace-operation-dispatcher-7] INFO com.firebase.core.namespace.StateManager - Namespace demo-bonus-game status Active to Active
05:29:29.842 [FirebaseWorkerPool-1-2] WARN com.firebase.server.forge.App$ - Received service account token eyJh...fX0., assuming ownership.
05:29:29.857 [NamespaceSystem-blocking-namespace-operation-dispatcher-7] INFO com.firebase.core.namespace.StateManager - Namespace demo-bonus-game status Active to Active
05:29:29.935 [FirebaseWorkerPool-1-1] WARN com.firebase.server.forge.App$ - Received service account token eyJh...fX0., assuming ownership.
05:29:29.950 [NamespaceSystem-blocking-namespace-operation-dispatcher-7] INFO com.firebase.core.namespace.StateManager - Namespace demo-bonus-game status Active to Active
05:29:30.078 [FirebaseWorkerPool-1-4] WARN com.firebase.server.forge.App$ - Received service account token eyJh...fX0., assuming ownership.
05:29:30.093 [NamespaceSystem-blocking-namespace-operation-dispatcher-7] INFO com.firebase.core.namespace.StateManager - Namespace demo-bonus-game status Active to Active
05:29:30.218 [FirebaseWorkerPool-1-3] WARN com.firebase.server.forge.App$ - Received service account token eyJh...fX0., assuming ownership.
05:29:30.232 [NamespaceSystem-blocking-namespace-operation-dispatcher-7] INFO com.firebase.core.namespace.StateManager - Namespace demo-bonus-game status Active to Active
05:29:30.373 [FirebaseWorkerPool-1-2] WARN com.firebase.server.forge.App$ - Received service account token eyJh...fX0., assuming ownership.
05:29:30.383 [NamespaceSystem-blocking-namespace-operation-dispatcher-7] INFO com.firebase.core.namespace.StateManager - Namespace demo-bonus-game status Active to Active
05:29:30.515 [FirebaseWorkerPool-1-1] WARN com.firebase.server.forge.App$ - Received service account token eyJh...fX0., assuming ownership.
05:29:30.527 [NamespaceSystem-blocking-namespace-operation-dispatcher-7] INFO com.firebase.core.namespace.StateManager - Namespace demo-bonus-game status Active to Active
05:29:30.656 [FirebaseWorkerPool-1-4] WARN com.firebase.server.forge.App$ - Received service account token eyJh...fX0., assuming ownership.
05:29:30.670 [NamespaceSystem-blocking-namespace-operation-dispatcher-7] INFO com.firebase.core.namespace.StateManager - Namespace demo-bonus-game status Active to Active
05:29:30.799 [FirebaseWorkerPool-1-3] WARN com.firebase.server.forge.App$ - Received service account token eyJh...fX0., assuming ownership.
05:29:30.809 [NamespaceSystem-blocking-namespace-operation-dispatcher-7] INFO com.firebase.core.namespace.StateManager - Namespace demo-bonus-game status Active to Active
05:29:30.924 [FirebaseWorkerPool-1-2] WARN com.firebase.server.forge.App$ - Received service account token eyJh...fX0., assuming ownership.
05:29:30.936 [NamespaceSystem-blocking-namespace-operation-dispatcher-7] INFO com.firebase.core.namespace.StateManager - Namespace demo-bonus-game status Active to Active
05:29:31.080 [FirebaseWorkerPool-1-1] WARN com.firebase.server.forge.App$ - Received service account token eyJh...fX0., assuming ownership.
